SQL> set lines 300
SQL> set pages 25
SQL> exit
SQL> set lines 300
SQL> set pages 20
SQL> set serveroutput on
SQL> CREATE OR REPLACE PROCEDURE raise_salary
  2    (p_id      IN employees.employee_id%TYPE,
  3     p_percent IN NUMBER)
  4  IS
  5  BEGIN
  6  
  7    UPDATE employees
  8    SET    salary = salary * (1 + p_percent/100)
  9    WHERE  employee_id = p_id;
 10  END raise_salary;
 11  /

Procedure created.

SQL> 
SQL> execute raise_salary(100,10);

PL/SQL procedure successfully completed.

SQL> select * from employees where employee_id=100;

EMPLOYEE_ID FIRST_NAME           LAST_NAME                 EMAIL                                              PHONE_NUMBER         HIRE_DATE JOB_ID         SALARY COMMISSION_PCT MANAGER_ID DEPARTMENT_ID                                                                                                  
----------- -------------------- ------------------------- -------------------------------------------------- -------------------- --------- ---------- ---------- -------------- ---------- -------------                                                                                                  
        100 Steven               King                      SKING                                              515.123.4567         17-JUN-03 AD_PRES       4058.48                                      90                                                                                                  

SQL> execute raise_salary(100,10);

PL/SQL procedure successfully completed.

SQL> select * from employees where employee_id=100;

EMPLOYEE_ID FIRST_NAME           LAST_NAME                 EMAIL                                              PHONE_NUMBER         HIRE_DATE JOB_ID         SALARY COMMISSION_PCT MANAGER_ID DEPARTMENT_ID                                                                                                  
----------- -------------------- ------------------------- -------------------------------------------------- -------------------- --------- ---------- ---------- -------------- ---------- -------------                                                                                                  
        100 Steven               King                      SKING                                              515.123.4567         17-JUN-03 AD_PRES       4464.33                                      90                                                                                                  

SQL> begin
  2  raise_salary(200,5);
  3  end;
  4  /

PL/SQL procedure successfully completed.

SQL> ed
Wrote file afiedt.buf

  1  declare
  2  e_id number:=&emp_id;
  3  per number:=&p;
  4  begin
  5  raise_salary(e_id,per);
  6* end;
SQL> /
Enter value for emp_id: 50
old   2: e_id number:=&emp_id;
new   2: e_id number:=50;
Enter value for p: 5
old   3: per number:=&p;
new   3: per number:=5;

PL/SQL procedure successfully completed.

SQL> /
Enter value for emp_id: 100
old   2: e_id number:=&emp_id;
new   2: e_id number:=100;
Enter value for p: 10
old   3: per number:=&p;
new   3: per number:=10;

PL/SQL procedure successfully completed.

SQL> CREATE OR REPLACE PROCEDURE query_emp
  2   (p_id     IN  employees.employee_id%TYPE,
  3    p_name   OUT employees.last_name%TYPE,
  4    p_salary OUT employees.salary%TYPE) IS
  5  BEGIN
  6    SELECT  last_name, salary INTO p_name, p_salary
  7    FROM    employees
  8    WHERE   employee_id = p_id;
  9  END query_emp;
 10  /

Procedure created.

SQL> SET SERVEROUTPUT ON
SQL> DECLARE
  2    v_emp_name employees.last_name%TYPE;
  3    v_emp_sal  employees.salary%TYPE;
  4  BEGIN
  5    query_emp(171, v_emp_name, v_emp_sal);
  6    DBMS_OUTPUT.PUT_LINE(v_emp_name||' earns '|| to_char(v_emp_sal, '$999,999.00'));
  7  END;
  8  /
DECLARE
*
ERROR at line 1:
ORA-01403: no data found 
ORA-06512: at "HR.QUERY_EMP", line 6 
ORA-06512: at line 5 


SQL> ed
Wrote file afiedt.buf

  1  DECLARE
  2    v_emp_name employees.last_name%TYPE;
  3    v_emp_sal  employees.salary%TYPE;
  4  BEGIN
  5    query_emp(100, v_emp_name, v_emp_sal);
  6    DBMS_OUTPUT.PUT_LINE(v_emp_name||' earns '|| to_char(v_emp_sal, '$999,999.00'));
  7* END;
SQL> /
King earns    $4,910.76                                                                                                                                                                                                                                                                                     

PL/SQL procedure successfully completed.

SQL> SET SERVEROUTPUT ON
SQL> 
SQL> CREATE OR REPLACE PROCEDURE format_phone
  2    (p_phone_no IN OUT VARCHAR2) IS
  3  
  4  BEGIN
  5    p_phone_no := '('  || SUBSTR(p_phone_no,1,3) ||
  6                  ') ' || SUBSTR(p_phone_no,4,3) ||
  7                  '-'  || SUBSTR(p_phone_no,7);
  8  END format_phone;
  9  /

Procedure created.

SQL> VARIABLE  b_phone_no VARCHAR2(15)
SQL> EXECUTE  :b_phone_no := '8006330575'

PL/SQL procedure successfully completed.

SQL> PRINT   b_phone_no

B_PHONE_NO                                                                                                                                                                                                                                                                                                  
--------------------------------                                                                                                                                                                                                                                                                            
8006330575                                                                                                                                                                                                                                                                                                  

SQL> EXECUTE  format_phone (:b_phone_no)

PL/SQL procedure successfully completed.

SQL> PRINT b_phone_no

B_PHONE_NO                                                                                                                                                                                                                                                                                                  
--------------------------------                                                                                                                                                                                                                                                                            
(800) 633-0575                                                                                                                                                                                                                                                                                              

SQL> declare
  2  p_phone varchar2(25):='3455654665';
  3  begin
  4  format_phone(p_phone);
  5  dbms_output.put_line('formatted no '||p_phone);
  6  end;
  7  /
formatted no (345) 565-4665                                                                                                                                                                                                                                                                                 

PL/SQL procedure successfully completed.

SQL> exit
