SQL> set lines 300
SQL> set pages 20
SQL> set serveroutput on
SQL> SET SERVEROUTPUT ON
SQL> 
SQL> DECLARE
  2    CURSOR c_emp_cursor IS
  3     SELECT employee_id, last_name FROM employees
  4     WHERE department_id =30;
  5    v_empno employees.employee_id%TYPE;
  6    v_lname employees.last_name%TYPE;
  7  BEGIN
  8    OPEN c_emp_cursor;
  9    FETCH c_emp_cursor INTO v_empno, v_lname;
 10    DBMS_OUTPUT.PUT_LINE( v_empno ||'  '||v_lname);
 11  END;
 12  /
114  Raphaely                                                                                                                                                                                                                                                                                               

PL/SQL procedure successfully completed.

SQL> ed
Wrote file afiedt.buf

  1  DECLARE
  2    CURSOR c_emp_cursor IS
  3     SELECT employee_id, last_name FROM employees
  4     WHERE department_id =30;
  5    v_empno employees.employee_id%TYPE;
  6    v_lname employees.last_name%TYPE;
  7  BEGIN
  8    OPEN c_emp_cursor;
  9    FETCH c_emp_cursor INTO v_empno, v_lname;
 10    DBMS_OUTPUT.PUT_LINE( v_empno ||'  '||v_lname);
 11  FETCH c_emp_cursor INTO v_empno, v_lname;
 12    DBMS_OUTPUT.PUT_LINE( v_empno ||'  '||v_lname);
 13* END;
SQL> /
114  Raphaely                                                                                                                                                                                                                                                                                               
115  Khoo                                                                                                                                                                                                                                                                                                   

PL/SQL procedure successfully completed.

SQL> SET SERVEROUTPUT ON
SQL> 
SQL> DECLARE
  2    CURSOR c_emp_cursor IS
  3     SELECT employee_id, last_name FROM employees
  4     WHERE department_id =30;
  5    v_empno employees.employee_id%TYPE;
  6    v_lname employees.last_name%TYPE;
  7  BEGIN
  8    OPEN c_emp_cursor;
  9    LOOP
 10      FETCH c_emp_cursor INTO v_empno, v_lname;
 11      EXIT WHEN c_emp_cursor%NOTFOUND;
 12      DBMS_OUTPUT.PUT_LINE( v_empno ||'  '||v_lname);
 13    END LOOP;
 14  END;
 15  /
114  Raphaely                                                                                                                                                                                                                                                                                               
115  Khoo                                                                                                                                                                                                                                                                                                   
116  Baida                                                                                                                                                                                                                                                                                                  
117  Tobias                                                                                                                                                                                                                                                                                                 
118  Himuro                                                                                                                                                                                                                                                                                                 
119  Colmenares                                                                                                                                                                                                                                                                                             

PL/SQL procedure successfully completed.

SQL> ed
Wrote file afiedt.buf

  1  DECLARE
  2    CURSOR c_emp_cursor IS
  3     SELECT employee_id, last_name FROM employees
  4     WHERE department_id =30;
  5    v_empno employees.employee_id%TYPE;
  6    v_lname employees.last_name%TYPE;
  7  BEGIN
  8    OPEN c_emp_cursor;
  9    LOOP
 10      FETCH c_emp_cursor INTO v_empno, v_lname;
 11      DBMS_OUTPUT.PUT_LINE('Hi');		
 12      EXIT WHEN c_emp_cursor%NOTFOUND;
 13  	DBMS_OUTPUT.PUT_LINE('Hi2');
 14      DBMS_OUTPUT.PUT_LINE( v_empno ||'  '||v_lname);
 15    END LOOP;
 16* END;
SQL> /
Hi                                                                                                                                                                                                                                                                                                          
Hi2                                                                                                                                                                                                                                                                                                         
114  Raphaely                                                                                                                                                                                                                                                                                               
Hi                                                                                                                                                                                                                                                                                                          
Hi2                                                                                                                                                                                                                                                                                                         
115  Khoo                                                                                                                                                                                                                                                                                                   
Hi                                                                                                                                                                                                                                                                                                          
Hi2                                                                                                                                                                                                                                                                                                         
116  Baida                                                                                                                                                                                                                                                                                                  
Hi                                                                                                                                                                                                                                                                                                          
Hi2                                                                                                                                                                                                                                                                                                         
117  Tobias                                                                                                                                                                                                                                                                                                 
Hi                                                                                                                                                                                                                                                                                                          
Hi2                                                                                                                                                                                                                                                                                                         
118  Himuro                                                                                                                                                                                                                                                                                                 
Hi                                                                                                                                                                                                                                                                                                          
Hi2                                                                                                                                                                                                                                                                                                         
119  Colmenares                                                                                                                                                                                                                                                                                             
Hi                                                                                                                                                                                                                                                                                                          

PL/SQL procedure successfully completed.

SQL> ed
Wrote file afiedt.buf

  1  DECLARE
  2    CURSOR c_emp_cursor IS
  3     SELECT * FROM employees
  4     WHERE department_id =30;
  5    r1 departments%rowtype;
  6  BEGIN
  7    OPEN c_emp_cursor;
  8    LOOP
  9      FETCH c_emp_cursor INTO r1;
 10      EXIT WHEN c_emp_cursor%NOTFOUND;
 11      DBMS_OUTPUT.PUT_LINE(r1.department_id ||'  '||r1.department_name||'  '||r1.manager_id||'  '||r1.location_id);
 12    END LOOP;
 13* END;
 14  /
    FETCH c_emp_cursor INTO r1;
    *
ERROR at line 9:
ORA-06550: line 9, column 5: 
PLS-00394: wrong number of values in the INTO list of a FETCH statement 
ORA-06550: line 9, column 5: 
PL/SQL: SQL Statement ignored 


SQL> ed
Wrote file afiedt.buf

  1  DECLARE
  2    CURSOR c_emp_cursor IS
  3     SELECT * FROM employees
  4     WHERE department_id =30;
  5    r1 employees%rowtype;
  6  BEGIN
  7    OPEN c_emp_cursor;
  8    LOOP
  9      FETCH c_emp_cursor INTO r1;
 10      EXIT WHEN c_emp_cursor%NOTFOUND;
 11      DBMS_OUTPUT.PUT_LINE(r1.employee_id ||'  '||r1.first_name||'  '||r1.manager_id||'  '||r1.department_id);
 12    END LOOP;
 13* END;
SQL> /
114  Den  100  30                                                                                                                                                                                                                                                                                           
115  Alexander  114  30                                                                                                                                                                                                                                                                                     
116  Shelli  114  30                                                                                                                                                                                                                                                                                        
117  Sigal  114  30                                                                                                                                                                                                                                                                                         
118  Guy  114  30                                                                                                                                                                                                                                                                                           
119  Karen  114  30                                                                                                                                                                                                                                                                                         

PL/SQL procedure successfully completed.

SQL> ed
Wrote file afiedt.buf

  1  DECLARE
  2    CURSOR c_emp_cursor IS
  3     SELECT * FROM employees
  4     WHERE department_id =30;
  5    r1 employees%rowtype;
  6  BEGIN
  7    OPEN c_emp_cursor;
  8    LOOP
  9      FETCH c_emp_cursor INTO r1;
 10      EXIT WHEN c_emp_cursor%NOTFOUND;
 11      DBMS_OUTPUT.PUT_LINE(r1.employee_id ||'  '||r1.first_name||'  '||r1.manager_id||'  '||r1.department_id||'  '||r1.salary);
 12    END LOOP;
 13* END;
SQL> /
114  Den  100  30  13310                                                                                                                                                                                                                                                                                    
115  Alexander  114  30  3751                                                                                                                                                                                                                                                                               
116  Shelli  114  30  3509                                                                                                                                                                                                                                                                                  
117  Sigal  114  30  3388                                                                                                                                                                                                                                                                                   
118  Guy  114  30  3146                                                                                                                                                                                                                                                                                     
119  Karen  114  30  3025                                                                                                                                                                                                                                                                                   

PL/SQL procedure successfully completed.

SQL> ed
Wrote file afiedt.buf

  1  DECLARE
  2    CURSOR c_emp_cursor IS
  3     SELECT * FROM employees
  4     WHERE department_id =30;
  5  --r1 employees%rowtype;
  6    TYPE emp_record IS TABLE OF
  7    employees%rowTYPE INDEX BY PLS_INTEGER;
  8  r1 emp_record;
  9  i number:=1;
 10  BEGIN
 11    OPEN c_emp_cursor;
 12    LOOP
 13      FETCH c_emp_cursor INTO r1(i);
 14      EXIT WHEN c_emp_cursor%NOTFOUND;
 15  i:=i+1;
 16    END LOOP;
 17  for j in r1.first..r1.last loop
 18  DBMS_OUTPUT.PUT_LINE(r1(j).employee_id ||'  '||r1(j).first_name||'  '||r1(j).manager_id||'  '||r1(j).department_id||'  '||r1(j).salary);
 19  end loop;
 20* END;
 21  /
114  Den  100  30  13310                                                                                                                                                                                                                                                                                    
115  Alexander  114  30  3751                                                                                                                                                                                                                                                                               
116  Shelli  114  30  3509                                                                                                                                                                                                                                                                                  
117  Sigal  114  30  3388                                                                                                                                                                                                                                                                                   
118  Guy  114  30  3146                                                                                                                                                                                                                                                                                     
119  Karen  114  30  3025                                                                                                                                                                                                                                                                                   

PL/SQL procedure successfully completed.

SQL> exit
SQL> set lines 300
SQL> set pages 20
SQL> set serveroutput on
SQL> DECLARE
  2    CURSOR c_emp_cursor IS
  3      SELECT employee_id, last_name FROM employees WHERE department_id =30;
  4      v_emp_record c_emp_cursor%ROWTYPE;
  5  BEGIN
  6    OPEN c_emp_cursor;
  7    LOOP
  8      FETCH c_emp_cursor INTO v_emp_record;
  9      EXIT WHEN c_emp_cursor%NOTFOUND;
 10      DBMS_OUTPUT.PUT_LINE( v_emp_record.employee_id ||' '||v_emp_record.last_name);
 11    END LOOP;
 12    CLOSE c_emp_cursor;
 13  END;
 14  /
114 Raphaely                                                                                                                                                                                                                                                                                                
115 Khoo                                                                                                                                                                                                                                                                                                    
116 Baida                                                                                                                                                                                                                                                                                                   
117 Tobias                                                                                                                                                                                                                                                                                                  
118 Himuro                                                                                                                                                                                                                                                                                                  
119 Colmenares                                                                                                                                                                                                                                                                                              

PL/SQL procedure successfully completed.

SQL> ed
Wrote file afiedt.buf

  1  DECLARE
  2    CURSOR c_emp_cursor IS
  3      SELECT * FROM employees WHERE department_id =30;
  4      v_emp_record c_emp_cursor%ROWTYPE;
  5  BEGIN
  6    OPEN c_emp_cursor;
  7    LOOP
  8      FETCH c_emp_cursor INTO v_emp_record;
  9      EXIT WHEN c_emp_cursor%NOTFOUND;
 10      DBMS_OUTPUT.PUT_LINE( v_emp_record.employee_id ||' '||v_emp_record.last_name||' '||v_emp_record.salary);
 11    END LOOP;
 12    CLOSE c_emp_cursor;
 13* END;
 14  /
114 Raphaely 13310                                                                                                                                                                                                                                                                                          
115 Khoo 3751                                                                                                                                                                                                                                                                                               
116 Baida 3509                                                                                                                                                                                                                                                                                              
117 Tobias 3388                                                                                                                                                                                                                                                                                             
118 Himuro 3146                                                                                                                                                                                                                                                                                             
119 Colmenares 3025                                                                                                                                                                                                                                                                                         

PL/SQL procedure successfully completed.

SQL> SET SERVEROUTPUT ON
SQL> 
SQL> DECLARE
  2    CURSOR c_emp_cursor IS
  3     SELECT employee_id, last_name FROM employees
  4     WHERE department_id =30;
  5  
  6  BEGIN
  7     FOR emp_record IN c_emp_cursor
  8       LOOP
  9         DBMS_OUTPUT.PUT_LINE( emp_record.employee_id ||' '||emp_record.last_name);
 10       END LOOP;
 11  END;
 12  /
114 Raphaely                                                                                                                                                                                                                                                                                                
115 Khoo                                                                                                                                                                                                                                                                                                    
116 Baida                                                                                                                                                                                                                                                                                                   
117 Tobias                                                                                                                                                                                                                                                                                                  
118 Himuro                                                                                                                                                                                                                                                                                                  
119 Colmenares                                                                                                                                                                                                                                                                                              

PL/SQL procedure successfully completed.

SQL> ed
Wrote file afiedt.buf

  1  DECLARE
  2    CURSOR c_emp_cursor IS
  3     SELECT employee_id, last_name FROM employees
  4     WHERE department_id =30;
  5  BEGIN
  6     FOR e1 IN c_emp_cursor
  7       LOOP
  8         DBMS_OUTPUT.PUT_LINE( e1.employee_id ||' '||e1.last_name);
  9       END LOOP;
 10* END;
 11  /
114 Raphaely                                                                                                                                                                                                                                                                                                
115 Khoo                                                                                                                                                                                                                                                                                                    
116 Baida                                                                                                                                                                                                                                                                                                   
117 Tobias                                                                                                                                                                                                                                                                                                  
118 Himuro                                                                                                                                                                                                                                                                                                  
119 Colmenares                                                                                                                                                                                                                                                                                              

PL/SQL procedure successfully completed.

SQL> ed
Wrote file afiedt.buf

  1  DECLARE
  2    CURSOR c_emp_cursor IS
  3     SELECT employee_id, last_name FROM employees
  4     WHERE department_id =30;
  5  e1 c_emp_cursor%rowtype;
  6  BEGIN
  7     open c_emp_cursor
  8       LOOP
  9  fetch c_emp_cursor into e1
 10  exit when c_emp_cursor%notfound
 11         DBMS_OUTPUT.PUT_LINE( e1.employee_id ||' '||e1.last_name);
 12       END LOOP;
 13  close c_emp_cursor;
 14* END;
SQL> /
     LOOP
     *
ERROR at line 8:
ORA-06550: line 8, column 6: 
PLS-00103: Encountered the symbol "LOOP" when expecting one of the following: 
. ( % ; for 
The symbol "; was inserted before "LOOP" to continue. 
ORA-06550: line 10, column 1: 
PLS-00103: Encountered the symbol "EXIT" when expecting one of the following: 
. ( , % ; limit 


SQL> ed
Wrote file afiedt.buf

  1  DECLARE
  2    CURSOR c_emp_cursor IS
  3     SELECT employee_id, last_name FROM employees
  4     WHERE department_id =30;
  5  e1 c_emp_cursor%rowtype;
  6  BEGIN
  7     open c_emp_cursor;
  8       LOOP
  9  fetch c_emp_cursor into e1;
 10  exit when c_emp_cursor%notfound;
 11         DBMS_OUTPUT.PUT_LINE( e1.employee_id ||' '||e1.last_name);
 12       END LOOP;
 13  close c_emp_cursor;
 14* END;
SQL> /
114 Raphaely                                                                                                                                                                                                                                                                                                
115 Khoo                                                                                                                                                                                                                                                                                                    
116 Baida                                                                                                                                                                                                                                                                                                   
117 Tobias                                                                                                                                                                                                                                                                                                  
118 Himuro                                                                                                                                                                                                                                                                                                  
119 Colmenares                                                                                                                                                                                                                                                                                              

PL/SQL procedure successfully completed.

SQL> SET SERVEROUTPUT ON
SQL> 
SQL> DECLARE
  2    CURSOR c_emp_cursor IS SELECT employee_id,
  3      last_name FROM employees;
  4    v_emp_record	c_emp_cursor%ROWTYPE;
  5  BEGIN
  6    OPEN c_emp_cursor;
  7    LOOP
  8     FETCH c_emp_cursor INTO v_emp_record;
  9     EXIT WHEN c_emp_cursor%ROWCOUNT > 10 OR
 10                       c_emp_cursor%NOTFOUND;
 11     DBMS_OUTPUT.PUT_LINE( v_emp_record.employee_id
 12                 ||' '||v_emp_record.last_name);
 13    END LOOP;
 14    CLOSE c_emp_cursor;
 15  END ;
 16  /
174 Abel                                                                                                                                                                                                                                                                                                    
166 Ande                                                                                                                                                                                                                                                                                                    
130 Atkinson                                                                                                                                                                                                                                                                                                
105 Austin                                                                                                                                                                                                                                                                                                  
204 Baer                                                                                                                                                                                                                                                                                                    
116 Baida                                                                                                                                                                                                                                                                                                   
167 Banda                                                                                                                                                                                                                                                                                                   
192 Bell                                                                                                                                                                                                                                                                                                    
151 Bernstein                                                                                                                                                                                                                                                                                               
129 Bissot                                                                                                                                                                                                                                                                                                  

PL/SQL procedure successfully completed.

SQL> ed
Wrote file afiedt.buf

  1  DECLARE
  2    CURSOR c_emp_cursor IS SELECT employee_id,
  3      last_name FROM employees;
  4    v_emp_record	c_emp_cursor%ROWTYPE;
  5  BEGIN
  6    OPEN c_emp_cursor;
  7    LOOP
  8     FETCH c_emp_cursor INTO v_emp_record;
  9     EXIT WHEN c_emp_cursor%ROWCOUNT > 15 OR
 10                       c_emp_cursor%NOTFOUND;
 11     DBMS_OUTPUT.PUT_LINE( v_emp_record.employee_id
 12                 ||' '||v_emp_record.last_name);
 13    END LOOP;
 14    CLOSE c_emp_cursor;
 15* END ;
SQL> /
174 Abel                                                                                                                                                                                                                                                                                                    
166 Ande                                                                                                                                                                                                                                                                                                    
130 Atkinson                                                                                                                                                                                                                                                                                                
105 Austin                                                                                                                                                                                                                                                                                                  
204 Baer                                                                                                                                                                                                                                                                                                    
116 Baida                                                                                                                                                                                                                                                                                                   
167 Banda                                                                                                                                                                                                                                                                                                   
192 Bell                                                                                                                                                                                                                                                                                                    
151 Bernstein                                                                                                                                                                                                                                                                                               
129 Bissot                                                                                                                                                                                                                                                                                                  
169 Bloom                                                                                                                                                                                                                                                                                                   
185 Bull                                                                                                                                                                                                                                                                                                    
187 Cabrio                                                                                                                                                                                                                                                                                                  
148 Cambrault                                                                                                                                                                                                                                                                                               
154 Cambrault                                                                                                                                                                                                                                                                                               

PL/SQL procedure successfully completed.

SQL> ed
Wrote file afiedt.buf

  1  DECLARE
  2    CURSOR c_emp_cursor IS SELECT employee_id,
  3      last_name FROM employees;
  4    v_emp_record	c_emp_cursor%ROWTYPE;
  5  BEGIN
  6    OPEN c_emp_cursor;
  7    LOOP
  8     FETCH c_emp_cursor INTO v_emp_record;
  9     EXIT WHEN c_emp_cursor%ROWCOUNT > 25 OR
 10                       c_emp_cursor%NOTFOUND;
 11     DBMS_OUTPUT.PUT_LINE( v_emp_record.employee_id
 12                 ||' '||v_emp_record.last_name);
 13    END LOOP;
 14    CLOSE c_emp_cursor;
 15* END ;
SQL> /
174 Abel                                                                                                                                                                                                                                                                                                    
166 Ande                                                                                                                                                                                                                                                                                                    
130 Atkinson                                                                                                                                                                                                                                                                                                
105 Austin                                                                                                                                                                                                                                                                                                  
204 Baer                                                                                                                                                                                                                                                                                                    
116 Baida                                                                                                                                                                                                                                                                                                   
167 Banda                                                                                                                                                                                                                                                                                                   
192 Bell                                                                                                                                                                                                                                                                                                    
151 Bernstein                                                                                                                                                                                                                                                                                               
129 Bissot                                                                                                                                                                                                                                                                                                  
169 Bloom                                                                                                                                                                                                                                                                                                   
185 Bull                                                                                                                                                                                                                                                                                                    
187 Cabrio                                                                                                                                                                                                                                                                                                  
148 Cambrault                                                                                                                                                                                                                                                                                               
154 Cambrault                                                                                                                                                                                                                                                                                               
110 Chen                                                                                                                                                                                                                                                                                                    
188 Chung                                                                                                                                                                                                                                                                                                   
119 Colmenares                                                                                                                                                                                                                                                                                              
142 Davies                                                                                                                                                                                                                                                                                                  
102 De Haan                                                                                                                                                                                                                                                                                                 
186 Dellinger                                                                                                                                                                                                                                                                                               
189 Dilly                                                                                                                                                                                                                                                                                                   
160 Doran                                                                                                                                                                                                                                                                                                   
104 Ernst                                                                                                                                                                                                                                                                                                   
147 Errazuriz                                                                                                                                                                                                                                                                                               

PL/SQL procedure successfully completed.

SQL> ed
Wrote file afiedt.buf

  1  DECLARE
  2    CURSOR c_emp_cursor IS SELECT employee_id,
  3      last_name FROM employees;
  4    v_emp_record	c_emp_cursor%ROWTYPE;
  5  BEGIN
  6    OPEN c_emp_cursor;
  7    LOOP
  8     FETCH c_emp_cursor INTO v_emp_record;
  9     EXIT WHEN c_emp_cursor%ROWCOUNT > 25 OR
 10                       c_emp_cursor%NOTFOUND;
 11     DBMS_OUTPUT.PUT_LINE( v_emp_record.employee_id
 12                 ||' '||v_emp_record.last_name);
 13    END LOOP;
 14  DBMS_OUTPUT.PUT_LINE('after loop');
 15  FETCH c_emp_cursor INTO v_emp_record;
 16     DBMS_OUTPUT.PUT_LINE( v_emp_record.employee_id
 17                 ||' '||v_emp_record.last_name);
 18    CLOSE c_emp_cursor;
 19* END ;
SQL> /
174 Abel                                                                                                                                                                                                                                                                                                    
166 Ande                                                                                                                                                                                                                                                                                                    
130 Atkinson                                                                                                                                                                                                                                                                                                
105 Austin                                                                                                                                                                                                                                                                                                  
204 Baer                                                                                                                                                                                                                                                                                                    
116 Baida                                                                                                                                                                                                                                                                                                   
167 Banda                                                                                                                                                                                                                                                                                                   
192 Bell                                                                                                                                                                                                                                                                                                    
151 Bernstein                                                                                                                                                                                                                                                                                               
129 Bissot                                                                                                                                                                                                                                                                                                  
169 Bloom                                                                                                                                                                                                                                                                                                   
185 Bull                                                                                                                                                                                                                                                                                                    
187 Cabrio                                                                                                                                                                                                                                                                                                  
148 Cambrault                                                                                                                                                                                                                                                                                               
154 Cambrault                                                                                                                                                                                                                                                                                               
110 Chen                                                                                                                                                                                                                                                                                                    
188 Chung                                                                                                                                                                                                                                                                                                   
119 Colmenares                                                                                                                                                                                                                                                                                              
142 Davies                                                                                                                                                                                                                                                                                                  
102 De Haan                                                                                                                                                                                                                                                                                                 
186 Dellinger                                                                                                                                                                                                                                                                                               
189 Dilly                                                                                                                                                                                                                                                                                                   
160 Doran                                                                                                                                                                                                                                                                                                   
104 Ernst                                                                                                                                                                                                                                                                                                   
147 Errazuriz                                                                                                                                                                                                                                                                                               
after loop                                                                                                                                                                                                                                                                                                  
109 Faviet                                                                                                                                                                                                                                                                                                  

PL/SQL procedure successfully completed.

SQL> ed
Wrote file afiedt.buf

  1  DECLARE
  2    CURSOR c_emp_cursor IS SELECT employee_id,
  3      last_name FROM employees;
  4    v_emp_record	c_emp_cursor%ROWTYPE;
  5  BEGIN
  6    OPEN c_emp_cursor;
  7    LOOP
  8     FETCH c_emp_cursor INTO v_emp_record;
  9     EXIT WHEN c_emp_cursor%ROWCOUNT > 25 OR
 10                       c_emp_cursor%NOTFOUND;
 11     DBMS_OUTPUT.PUT_LINE( v_emp_record.employee_id
 12                 ||' '||v_emp_record.last_name);
 13    END LOOP;
 14    CLOSE c_emp_cursor;
 15  DBMS_OUTPUT.PUT_LINE('after loop');
 16  FETCH c_emp_cursor INTO v_emp_record;
 17     DBMS_OUTPUT.PUT_LINE( v_emp_record.employee_id
 18                 ||' '||v_emp_record.last_name);
 19* END ;
 20  /
174 Abel                                                                                                                                                                                                                                                                                                    
166 Ande                                                                                                                                                                                                                                                                                                    
130 Atkinson                                                                                                                                                                                                                                                                                                
105 Austin                                                                                                                                                                                                                                                                                                  
204 Baer                                                                                                                                                                                                                                                                                                    
116 Baida                                                                                                                                                                                                                                                                                                   
167 Banda                                                                                                                                                                                                                                                                                                   
192 Bell                                                                                                                                                                                                                                                                                                    
151 Bernstein                                                                                                                                                                                                                                                                                               
129 Bissot                                                                                                                                                                                                                                                                                                  
169 Bloom                                                                                                                                                                                                                                                                                                   
185 Bull                                                                                                                                                                                                                                                                                                    
187 Cabrio                                                                                                                                                                                                                                                                                                  
148 Cambrault                                                                                                                                                                                                                                                                                               
154 Cambrault                                                                                                                                                                                                                                                                                               
110 Chen                                                                                                                                                                                                                                                                                                    
188 Chung                                                                                                                                                                                                                                                                                                   
119 Colmenares                                                                                                                                                                                                                                                                                              
142 Davies                                                                                                                                                                                                                                                                                                  
102 De Haan                                                                                                                                                                                                                                                                                                 
186 Dellinger                                                                                                                                                                                                                                                                                               
189 Dilly                                                                                                                                                                                                                                                                                                   
160 Doran                                                                                                                                                                                                                                                                                                   
104 Ernst                                                                                                                                                                                                                                                                                                   
147 Errazuriz                                                                                                                                                                                                                                                                                               
after loop                                                                                                                                                                                                                                                                                                  
DECLARE
*
ERROR at line 1:
ORA-01001: invalid cursor 
ORA-06512: at line 16 


SQL> ed
Wrote file afiedt.buf

  1  DECLARE
  2    CURSOR c_emp_cursor IS SELECT employee_id,
  3      last_name FROM employees;
  4    v_emp_record	c_emp_cursor%ROWTYPE;
  5  BEGIN
  6    OPEN c_emp_cursor;
  7    LOOP
  8     FETCH c_emp_cursor INTO v_emp_record;
  9     EXIT WHEN c_emp_cursor%ROWCOUNT > 25 OR
 10                       c_emp_cursor%NOTFOUND;
 11     DBMS_OUTPUT.PUT_LINE( v_emp_record.employee_id
 12                 ||' '||v_emp_record.last_name);
 13    END LOOP;
 14    CLOSE c_emp_cursor;
 15  OPEN c_emp_cursor;
 16  DBMS_OUTPUT.PUT_LINE('after loop');
 17  FETCH c_emp_cursor INTO v_emp_record;
 18     DBMS_OUTPUT.PUT_LINE( v_emp_record.employee_id
 19                 ||' '||v_emp_record.last_name);
 20* END ;
SQL> /
174 Abel                                                                                                                                                                                                                                                                                                    
166 Ande                                                                                                                                                                                                                                                                                                    
130 Atkinson                                                                                                                                                                                                                                                                                                
105 Austin                                                                                                                                                                                                                                                                                                  
204 Baer                                                                                                                                                                                                                                                                                                    
116 Baida                                                                                                                                                                                                                                                                                                   
167 Banda                                                                                                                                                                                                                                                                                                   
192 Bell                                                                                                                                                                                                                                                                                                    
151 Bernstein                                                                                                                                                                                                                                                                                               
129 Bissot                                                                                                                                                                                                                                                                                                  
169 Bloom                                                                                                                                                                                                                                                                                                   
185 Bull                                                                                                                                                                                                                                                                                                    
187 Cabrio                                                                                                                                                                                                                                                                                                  
148 Cambrault                                                                                                                                                                                                                                                                                               
154 Cambrault                                                                                                                                                                                                                                                                                               
110 Chen                                                                                                                                                                                                                                                                                                    
188 Chung                                                                                                                                                                                                                                                                                                   
119 Colmenares                                                                                                                                                                                                                                                                                              
142 Davies                                                                                                                                                                                                                                                                                                  
102 De Haan                                                                                                                                                                                                                                                                                                 
186 Dellinger                                                                                                                                                                                                                                                                                               
189 Dilly                                                                                                                                                                                                                                                                                                   
160 Doran                                                                                                                                                                                                                                                                                                   
104 Ernst                                                                                                                                                                                                                                                                                                   
147 Errazuriz                                                                                                                                                                                                                                                                                               
after loop                                                                                                                                                                                                                                                                                                  
174 Abel                                                                                                                                                                                                                                                                                                    

PL/SQL procedure successfully completed.

SQL> BEGIN
  2    FOR emp_record IN (SELECT employee_id, last_name FROM employees
  3    WHERE department_id =30)
  4    LOOP
  5     DBMS_OUTPUT.PUT_LINE( emp_record.employee_id ||' '||emp_record.last_name);
  6    END LOOP;
  7  END;
  8  /
114 Raphaely                                                                                                                                                                                                                                                                                                
115 Khoo                                                                                                                                                                                                                                                                                                    
116 Baida                                                                                                                                                                                                                                                                                                   
117 Tobias                                                                                                                                                                                                                                                                                                  
118 Himuro                                                                                                                                                                                                                                                                                                  
119 Colmenares                                                                                                                                                                                                                                                                                              

PL/SQL procedure successfully completed.

SQL> DECLARE
  2    CURSOR c_emp_cursor (deptno NUMBER)
  3    IS
  4       SELECT employee_id, last_name FROM employees WHERE department_id = deptno;
  5  
  6    v_empno employees.employee_id%TYPE;
  7    v_lname employees.last_name%TYPE;
  8  BEGIN
  9    OPEN c_emp_cursor (10);
 10    LOOP
 11      FETCH c_emp_cursor INTO v_empno, v_lname;
 12      EXIT  WHEN c_emp_cursor%NOTFOUND;
 13      DBMS_OUTPUT.PUT_LINE( v_empno ||' '||v_lname);
 14    END LOOP;
 15    CLOSE c_emp_cursor;
 16    OPEN c_emp_cursor (20);
 17    LOOP
 18      FETCH c_emp_cursor INTO v_empno, v_lname;
 19      EXIT  WHEN c_emp_cursor%NOTFOUND;
 20      DBMS_OUTPUT.PUT_LINE( v_empno ||' '||v_lname);
 21    END LOOP;
 22  END;
 23  /
200 Whalen                                                                                                                                                                                                                                                                                                  
201 Hartstein                                                                                                                                                                                                                                                                                               
202 Fay                                                                                                                                                                                                                                                                                                     

PL/SQL procedure successfully completed.

SQL> ed
Wrote file afiedt.buf

  1  DECLARE
  2    CURSOR c_emp_cursor (deptno NUMBER)
  3    IS
  4       SELECT employee_id, last_name FROM employees WHERE department_id = deptno;
  5    v_empno employees.employee_id%TYPE;
  6    v_lname employees.last_name%TYPE;
  7  BEGIN
  8    OPEN c_emp_cursor (10);
  9    LOOP
 10      FETCH c_emp_cursor INTO v_empno, v_lname;
 11      EXIT  WHEN c_emp_cursor%NOTFOUND;
 12      DBMS_OUTPUT.PUT_LINE( v_empno ||' '||v_lname);
 13    END LOOP;
 14    CLOSE c_emp_cursor;
 15  DBMS_OUTPUT.PUT_LINE('Department 20');
 16    OPEN c_emp_cursor (20);
 17    LOOP
 18      FETCH c_emp_cursor INTO v_empno, v_lname;
 19      EXIT  WHEN c_emp_cursor%NOTFOUND;
 20      DBMS_OUTPUT.PUT_LINE( v_empno ||' '||v_lname);
 21    END LOOP;
 22* END;
 23  /
200 Whalen                                                                                                                                                                                                                                                                                                  
Department 20                                                                                                                                                                                                                                                                                               
201 Hartstein                                                                                                                                                                                                                                                                                               
202 Fay                                                                                                                                                                                                                                                                                                     

PL/SQL procedure successfully completed.

SQL> ed
Wrote file afiedt.buf

  1  DECLARE
  2    CURSOR c_emp_cursor (deptno NUMBER)
  3    IS
  4       SELECT employee_id, last_name FROM employees WHERE department_id = deptno;
  5   -- v_empno employees.employee_id%TYPE;
  6    --v_lname employees.last_name%TYPE;
  7  r1 c_emp_cursor%rowtype;
  8  BEGIN
  9    OPEN c_emp_cursor (10);
 10    LOOP
 11      FETCH c_emp_cursor INTO r1;
 12      EXIT  WHEN c_emp_cursor%NOTFOUND;
 13      DBMS_OUTPUT.PUT_LINE( r1.employee_id ||' '||r1.last_name);
 14    END LOOP;
 15    CLOSE c_emp_cursor;
 16  DBMS_OUTPUT.PUT_LINE('Department 20');
 17    OPEN c_emp_cursor (20);
 18    LOOP
 19      FETCH c_emp_cursor INTO r1;
 20      EXIT  WHEN c_emp_cursor%NOTFOUND;
 21      DBMS_OUTPUT.PUT_LINE( r1.employee_id ||' '||r1.last_name);
 22    END LOOP;
 23* END;
SQL> /
200 Whalen                                                                                                                                                                                                                                                                                                  
Department 20                                                                                                                                                                                                                                                                                               
201 Hartstein                                                                                                                                                                                                                                                                                               
202 Fay                                                                                                                                                                                                                                                                                                     

PL/SQL procedure successfully completed.

SQL> ed
Wrote file afiedt.buf

  1  DECLARE
  2    CURSOR c_emp_cursor (deptno NUMBER)
  3    IS
  4       SELECT employee_id, last_name FROM employees WHERE department_id = deptno;
  5   -- v_empno employees.employee_id%TYPE;
  6    --v_lname employees.last_name%TYPE;
  7  --r1 c_emp_cursor%rowtype;
  8  BEGIN
  9  for r1 into c_emp_cursor(10)
 10      DBMS_OUTPUT.PUT_LINE( r1.employee_id ||' '||r1.last_name);
 11    END LOOP;
 12  DBMS_OUTPUT.PUT_LINE('Department 20');
 13  for r1 into c_emp_cursor(20)
 14      DBMS_OUTPUT.PUT_LINE( r1.employee_id ||' '||r1.last_name);
 15    END LOOP;
 16* END;
 17  /
for r1 into c_emp_cursor(10)
       *
ERROR at line 9:
ORA-06550: line 9, column 8: 
PLS-00103: Encountered the symbol "INTO" when expecting one of the following: 
in 
ORA-06550: line 10, column 5: 
PLS-00103: Encountered the symbol "DBMS_OUTPUT" when expecting one of the following: 
. ( , % ; limit 
The symbol "." was substituted for "DBMS_OUTPUT" to continue. 
ORA-06550: line 11, column 3: 
PLS-00103: Encountered the symbol "END"  


SQL> ED
Wrote file afiedt.buf

  1  DECLARE
  2    CURSOR c_emp_cursor (deptno NUMBER)
  3    IS
  4       SELECT employee_id, last_name FROM employees WHERE department_id = deptno;
  5   -- v_empno employees.employee_id%TYPE;
  6    --v_lname employees.last_name%TYPE;
  7  --r1 c_emp_cursor%rowtype;
  8  BEGIN
  9  for r1 in c_emp_cursor(10)
 10      DBMS_OUTPUT.PUT_LINE( r1.employee_id ||' '||r1.last_name);
 11    END LOOP;
 12  DBMS_OUTPUT.PUT_LINE('Department 20');
 13  for r1 in c_emp_cursor(20)
 14      DBMS_OUTPUT.PUT_LINE( r1.employee_id ||' '||r1.last_name);
 15    END LOOP;
 16* END;
SQL> /
    DBMS_OUTPUT.PUT_LINE( r1.employee_id ||' '||r1.last_name);
    *
ERROR at line 10:
ORA-06550: line 10, column 5: 
PLS-00103: Encountered the symbol "DBMS_OUTPUT" when expecting one of the following: 
. ( * % & - + / at loop mod remainder rem .. 
<an exponent (**)> || multiset 
The symbol "." was substituted for "DBMS_OUTPUT" to continue. 
ORA-06550: line 10, column 62: 
PLS-00103: Encountered the symbol ";" when expecting one of the following: 
. ( * % & - + / at loop mod remainder rem .. 
<an exponent (**)> || multiset 


SQL> ED
Wrote file afiedt.buf

  1  DECLARE
  2    CURSOR c_emp_cursor (deptno NUMBER)
  3    IS
  4       SELECT employee_id, last_name FROM employees WHERE department_id = deptno;
  5   -- v_empno employees.employee_id%TYPE;
  6    --v_lname employees.last_name%TYPE;
  7  --r1 c_emp_cursor%rowtype;
  8  BEGIN
  9  for r1 in c_emp_cursor(10) LOOP
 10      DBMS_OUTPUT.PUT_LINE( r1.employee_id ||' '||r1.last_name);
 11    END LOOP;
 12  DBMS_OUTPUT.PUT_LINE('Department 20');
 13  for r1 in c_emp_cursor(20) LOOP
 14      DBMS_OUTPUT.PUT_LINE( r1.employee_id ||' '||r1.last_name);
 15    END LOOP;
 16* END;
SQL> /
200 Whalen                                                                                                                                                                                                                                                                                                  
Department 20                                                                                                                                                                                                                                                                                               
201 Hartstein                                                                                                                                                                                                                                                                                               
202 Fay                                                                                                                                                                                                                                                                                                     

PL/SQL procedure successfully completed.

SQL> ED
Wrote file afiedt.buf

  1  DECLARE
  2    CURSOR c_emp_cursor (deptno NUMBER,mgrno number)
  3    IS
  4       SELECT employee_id, last_name FROM employees WHERE department_id = deptno and manager_id=mgrno;
  5   -- v_empno employees.employee_id%TYPE;
  6    --v_lname employees.last_name%TYPE;
  7  --r1 c_emp_cursor%rowtype;
  8  BEGIN
  9  for r1 in c_emp_cursor(10,100) LOOP
 10      DBMS_OUTPUT.PUT_LINE( r1.employee_id ||' '||r1.last_name);
 11    END LOOP;
 12  DBMS_OUTPUT.PUT_LINE('Department 20');
 13  for r1 in c_emp_cursor(20,100) LOOP
 14      DBMS_OUTPUT.PUT_LINE( r1.employee_id ||' '||r1.last_name);
 15    END LOOP;
 16* END;
SQL> /
Department 20                                                                                                                                                                                                                                                                                               
201 Hartstein                                                                                                                                                                                                                                                                                               

PL/SQL procedure successfully completed.

SQL> ed
Wrote file afiedt.buf

  1  DECLARE
  2    CURSOR c_emp_cursor (deptno NUMBER,mgrno number)
  3    IS
  4       SELECT employee_id, last_name FROM employees WHERE department_id = deptno or manager_id=mgrno;
  5   -- v_empno employees.employee_id%TYPE;
  6    --v_lname employees.last_name%TYPE;
  7  --r1 c_emp_cursor%rowtype;
  8  BEGIN
  9  for r1 in c_emp_cursor(10,100) LOOP
 10      DBMS_OUTPUT.PUT_LINE( r1.employee_id ||' '||r1.last_name);
 11    END LOOP;
 12  DBMS_OUTPUT.PUT_LINE('Department 20');
 13  for r1 in c_emp_cursor(20,100) LOOP
 14      DBMS_OUTPUT.PUT_LINE( r1.employee_id ||' '||r1.last_name);
 15    END LOOP;
 16* END;
SQL> /
200 Whalen                                                                                                                                                                                                                                                                                                  
201 Hartstein                                                                                                                                                                                                                                                                                               
1000 b                                                                                                                                                                                                                                                                                                      
1001 b                                                                                                                                                                                                                                                                                                      
1200 Russell                                                                                                                                                                                                                                                                                                
101 Kochhar                                                                                                                                                                                                                                                                                                 
102 De Haan                                                                                                                                                                                                                                                                                                 
114 Raphaely                                                                                                                                                                                                                                                                                                
120 Weiss                                                                                                                                                                                                                                                                                                   
121 Fripp                                                                                                                                                                                                                                                                                                   
122 Kaufling                                                                                                                                                                                                                                                                                                
123 Vollman                                                                                                                                                                                                                                                                                                 
124 Mourgos                                                                                                                                                                                                                                                                                                 
145 Russell                                                                                                                                                                                                                                                                                                 
146 Partners                                                                                                                                                                                                                                                                                                
147 Errazuriz                                                                                                                                                                                                                                                                                               
148 Cambrault                                                                                                                                                                                                                                                                                               
149 Zlotkey                                                                                                                                                                                                                                                                                                 
Department 20                                                                                                                                                                                                                                                                                               
201 Hartstein                                                                                                                                                                                                                                                                                               
202 Fay                                                                                                                                                                                                                                                                                                     
1000 b                                                                                                                                                                                                                                                                                                      
1001 b                                                                                                                                                                                                                                                                                                      
1200 Russell                                                                                                                                                                                                                                                                                                
101 Kochhar                                                                                                                                                                                                                                                                                                 
102 De Haan                                                                                                                                                                                                                                                                                                 
114 Raphaely                                                                                                                                                                                                                                                                                                
120 Weiss                                                                                                                                                                                                                                                                                                   
121 Fripp                                                                                                                                                                                                                                                                                                   
122 Kaufling                                                                                                                                                                                                                                                                                                
123 Vollman                                                                                                                                                                                                                                                                                                 
124 Mourgos                                                                                                                                                                                                                                                                                                 
145 Russell                                                                                                                                                                                                                                                                                                 
146 Partners                                                                                                                                                                                                                                                                                                
147 Errazuriz                                                                                                                                                                                                                                                                                               
148 Cambrault                                                                                                                                                                                                                                                                                               
149 Zlotkey                                                                                                                                                                                                                                                                                                 

PL/SQL procedure successfully completed.

SQL> exit
